2026-04-09 19:45:34 INFO [dashboard.loaders] Loaded historical CSV rows=42 path=/Users/User/ToolV2/dashboard_v3/measles_annual_1985.csv
2026-04-09 19:45:35 INFO [dashboard.loaders] kindergarten full column list: ['vaccine', 'dose', 'geography_type', 'jurisdiction', 'year_season', 'coverage_pct', ':id', ':version', ':created_at', ':updated_at', 'population_sample_size', 'percent_surveyed', 'foot_notes', 'survey_type']
2026-04-09 19:45:35 INFO [dashboard.loaders] kindergarten sample rows (head 3): [{'vaccine': 'MMR (PAC)', 'dose': 'MMR (PAC)', 'geography_type': 'States', 'jurisdiction': 'Oregon', 'year_season': '2023-24', 'coverage_pct': '92.4', ':id': 'row-r452.f3dr_3k53', ':version': 'rv-9ene_ymvt~axa8', ':created_at': '2025-07-31T19:57:55.651Z', ':updated_at': '2025-07-31T19:57:55.651Z', 'population_sample_size': nan, 'percent_surveyed': nan, 'foot_notes': nan, 'survey_type': nan}, {'vaccine': 'MMR', 'dose': '', 'geography_type': 'States', 'jurisdiction': 'Oregon', 'year_season': '2023-24', 'coverage_pct': '91.2', ':id': 'row-6a78-hh2t_asnh', ':version': 'rv-pgxt_p3tx~qyfa', ':created_at': '2025-07-31T19:57:55.651Z', ':updated_at': '2025-07-31T19:57:55.651Z', 'population_sample_size': '39568', 'percent_surveyed': '100', 'foot_notes': '*. ‡', 'survey_type': 'Census'}, {'vaccine': 'MMR', 'dose': '', 'geography_type': 'States', 'jurisdiction': 'Oregon', 'year_season': '2024-25', 'coverage_pct': '90.5', ':id': 'row-t2m4-8gxm~kj7k', ':version': 'rv-fsb8_cf87~4nmp', ':created_at': '2025-07-31T19:57:55.651Z', ':updated_at': '2025-07-31T19:57:55.651Z', 'population_sample_size': '38247', 'percent_surveyed': '100', 'foot_notes': '*. ‡', 'survey_type': 'Census'}]
2026-04-09 19:45:35 INFO [dashboard.loaders] kindergarten year column(s) present: none (use for by-year filter)
2026-04-09 19:45:35 INFO [dashboard.loaders] kindergarten: year derived from regex 20xx; unique years: [2009, 2010, 2011, 2012, 2013, 2014, 2015, 2016, 2017, 2018, 2019, 2020, 2021, 2022, 2023, 2024]
2026-04-09 19:45:35 INFO [dashboard.loaders] Loaded kindergarten rows=1276
2026-04-09 19:45:35 INFO [dashboard.loaders] wastewater audit columns: ['record_id', 'site', 'state_territory', 'source', 'county_fips', 'counties_served', 'population_served', 'sample_id', 'sample_collect_date', 'sample_type', 'sample_matrix', 'sample_location', 'flow_rate', 'concentration_method', 'pasteurized', 'pcr_type', 'extraction_method', 'major_lab_method', 'inhibition_detect', 'inhibition_adjust', 'ntc_amplify', 'pcr_target', 'pcr_gene_target_agg', 'pcr_target_avg_conc', 'pcr_target_units', 'lod_sewage', 'pcr_target_detect', 'pcr_target_avg_conc_lin', 'pcr_target_flowpop_lin', 'pcr_target_mic_lin', 'hum_frac_target_mic', 'hum_frac_mic_conc', 'hum_frac_mic_unit', 'rec_eff_percent', 'rec_eff_target_name', 'rec_eff_spike_matrix', 'rec_eff_spike_conc', 'date_updated', ':id', ':version', ':created_at', ':updated_at']
2026-04-09 19:45:35 INFO [dashboard.loaders] wastewater audit unique pcr_target values: ['mev_wt']
2026-04-09 19:45:35 INFO [dashboard.loaders] wastewater audit: using pcr_target filter value 'mev_wt'
2026-04-09 19:45:38 INFO [dashboard.loaders] _soda3_post_all view=akvg-8vrb pages=1 total_rows=39472
2026-04-09 19:45:39 INFO [dashboard.loaders] wastewater raw columns: ['record_id', 'site', 'state_territory', 'source', 'county_fips', 'counties_served', 'population_served', 'sample_id', 'sample_collect_date', 'sample_type', 'sample_matrix', 'sample_location', 'flow_rate', 'concentration_method', 'pasteurized', 'pcr_type', 'extraction_method', 'major_lab_method', 'inhibition_detect', 'inhibition_adjust', 'ntc_amplify', 'pcr_target', 'pcr_gene_target_agg', 'pcr_target_avg_conc', 'pcr_target_units', 'lod_sewage', 'pcr_target_detect', 'pcr_target_avg_conc_lin', 'pcr_target_flowpop_lin', 'pcr_target_mic_lin', 'hum_frac_target_mic', 'hum_frac_mic_conc', 'hum_frac_mic_unit', 'rec_eff_percent', 'rec_eff_target_name', 'rec_eff_spike_matrix', 'rec_eff_spike_conc', 'date_updated', ':id', ':version', ':created_at', ':updated_at']
2026-04-09 19:45:39 INFO [dashboard.loaders] wastewater required-for-detection: site_id/sewershed_id/sample_id=True, pcr_target_avg_conc=True, ntc_amplify=True, inhibition_detect=True, inhibition_adjust=True, date_field=True
2026-04-09 19:45:39 INFO [dashboard.loaders] wastewater signal col=pcr_target_flowpop_lin non_null=20610 min=32.92453 median=291972.19166 max=361164702.31468
2026-04-09 19:45:39 INFO [dashboard.loaders] Loaded wastewater rows=39472
2026-04-09 19:45:40 INFO [dashboard.loaders] NNDSS page 1 year range: first= 2026 last= 2022 (expect newest first if ORDER BY applied)
2026-04-09 19:45:40 INFO [dashboard.loaders] _soda3_post_all view=x9gk-5huc pages=1 total_rows=30940
2026-04-09 19:45:40 INFO [dashboard.loaders] nndss after filter: national rows=310 state rows=30630
2026-04-09 19:45:40 INFO [dashboard.loaders] NNDSS loaded: rows=30940 year range min=2022 max=2026
2026-04-09 19:45:40 INFO [dashboard.loaders] Loaded nndss rows=30940
2026-04-09 19:45:41 INFO [dashboard.loaders] load_all completed in 6.2s status={'historical': 'ok', 'kindergarten': 'ok', 'wastewater': 'ok', 'nndss': 'ok'}
2026-04-09 19:45:41 INFO [dashboard.risk] NNDSS national weekly: case_column=m2 year_min=2022 year_max=2026 year_week_max=(2026, 13) total_cases_latest_year=7571 source=jurisdictions (summed)
2026-04-09 19:45:41 INFO [dashboard.model_runner] Five most recent NNDSS (national weekly cases) available to app: [{'year': 2026, 'week': 9, 'cases': 645.0}, {'year': 2026, 'week': 10, 'cases': 649.0}, {'year': 2026, 'week': 11, 'cases': 652.0}, {'year': 2026, 'week': 12, 'cases': 645.0}, {'year': 2026, 'week': 13, 'cases': 646.0}]
2026-04-09 19:45:42 INFO [dashboard.risk] NNDSS national weekly: case_column=m2 year_min=2022 year_max=2026 year_week_max=(2026, 13) total_cases_latest_year=7571 source=jurisdictions (summed)
2026-04-09 19:45:42 INFO [dashboard.risk] Outbreak threshold from data: 1580.2 (95th percentile of next-4-weeks cases, n=217)
2026-04-09 19:45:42 INFO [dashboard.risk] NNDSS national weekly: case_column=m2 year_min=2022 year_max=2026 year_week_max=(2026, 13) total_cases_latest_year=7571 source=jurisdictions (summed)
2026-04-09 19:45:42 INFO [dashboard.risk] wastewater dataframe columns: ['record_id', 'site', 'state_territory', 'source', 'county_fips', 'counties_served', 'population_served', 'sample_id', 'sample_collect_date', 'sample_type', 'sample_matrix', 'sample_location', 'flow_rate', 'concentration_method', 'pasteurized', 'pcr_type', 'extraction_method', 'major_lab_method', 'inhibition_detect', 'inhibition_adjust', 'ntc_amplify', 'pcr_target', 'pcr_gene_target_agg', 'pcr_target_avg_conc', 'pcr_target_units', 'lod_sewage', 'pcr_target_detect', 'pcr_target_avg_conc_lin', 'pcr_target_flowpop_lin', 'pcr_target_mic_lin', 'hum_frac_target_mic', 'hum_frac_mic_conc', 'hum_frac_mic_unit', 'rec_eff_percent', 'rec_eff_target_name', 'rec_eff_spike_matrix', 'rec_eff_spike_conc', 'date_updated', ':id', ':version', ':created_at', ':updated_at', 'year', 'week']
2026-04-09 19:45:42 INFO [dashboard.risk] wastewater aggregate: signal_col=pcr_target_flowpop_lin
2026-04-09 19:45:42 INFO [dashboard.risk] wastewater weekly aggregate: rows=63 pct_non_null=100.0 min=47021.9259846875 median=1716508.433903903 max=7090884.096111285
2026-04-09 19:45:42 INFO [dashboard.risk] Stage 1 fit n_train=209 n_test=12 auc=0.906
2026-04-09 19:45:42 INFO [dashboard.risk] NNDSS national weekly: case_column=m2 year_min=2022 year_max=2026 year_week_max=(2026, 13) total_cases_latest_year=7571 source=jurisdictions (summed)
2026-04-09 19:45:42 INFO [dashboard.risk] Outbreak threshold from data: 1580.2 (95th percentile of next-4-weeks cases, n=217)
2026-04-09 19:45:42 INFO [dashboard.risk] NNDSS national weekly: case_column=m2 year_min=2022 year_max=2026 year_week_max=(2026, 13) total_cases_latest_year=7571 source=jurisdictions (summed)
2026-04-09 19:45:42 INFO [dashboard.risk] wastewater dataframe columns: ['record_id', 'site', 'state_territory', 'source', 'county_fips', 'counties_served', 'population_served', 'sample_id', 'sample_collect_date', 'sample_type', 'sample_matrix', 'sample_location', 'flow_rate', 'concentration_method', 'pasteurized', 'pcr_type', 'extraction_method', 'major_lab_method', 'inhibition_detect', 'inhibition_adjust', 'ntc_amplify', 'pcr_target', 'pcr_gene_target_agg', 'pcr_target_avg_conc', 'pcr_target_units', 'lod_sewage', 'pcr_target_detect', 'pcr_target_avg_conc_lin', 'pcr_target_flowpop_lin', 'pcr_target_mic_lin', 'hum_frac_target_mic', 'hum_frac_mic_conc', 'hum_frac_mic_unit', 'rec_eff_percent', 'rec_eff_target_name', 'rec_eff_spike_matrix', 'rec_eff_spike_conc', 'date_updated', ':id', ':version', ':created_at', ':updated_at', 'year', 'week']
2026-04-09 19:45:42 INFO [dashboard.risk] wastewater aggregate: signal_col=pcr_target_flowpop_lin
2026-04-09 19:45:43 INFO [dashboard.risk] wastewater weekly aggregate: rows=63 pct_non_null=100.0 min=47021.9259846875 median=1716508.433903903 max=7090884.096111285
2026-04-09 19:45:43 INFO [dashboard.risk] NNDSS national weekly: case_column=m2 year_min=2022 year_max=2026 year_week_max=(2026, 13) total_cases_latest_year=7571 source=jurisdictions (summed)
2026-04-09 19:45:43 INFO [dashboard.risk] Stage 2 forecast: 8 weeks, mean=600.3
2026-04-09 19:58:29 INFO [dashboard.loaders] Loaded historical CSV rows=42 path=/Users/User/ToolV2/dashboard_v3/measles_annual_1985.csv
2026-04-09 19:58:30 INFO [dashboard.loaders] kindergarten full column list: ['vaccine', 'dose', 'geography_type', 'jurisdiction', 'year_season', 'coverage_pct', ':id', ':version', ':created_at', ':updated_at', 'population_sample_size', 'percent_surveyed', 'foot_notes', 'survey_type']
2026-04-09 19:58:30 INFO [dashboard.loaders] kindergarten sample rows (head 3): [{'vaccine': 'MMR (PAC)', 'dose': 'MMR (PAC)', 'geography_type': 'States', 'jurisdiction': 'Oregon', 'year_season': '2023-24', 'coverage_pct': '92.4', ':id': 'row-r452.f3dr_3k53', ':version': 'rv-9ene_ymvt~axa8', ':created_at': '2025-07-31T19:57:55.651Z', ':updated_at': '2025-07-31T19:57:55.651Z', 'population_sample_size': nan, 'percent_surveyed': nan, 'foot_notes': nan, 'survey_type': nan}, {'vaccine': 'MMR', 'dose': '', 'geography_type': 'States', 'jurisdiction': 'Oregon', 'year_season': '2023-24', 'coverage_pct': '91.2', ':id': 'row-6a78-hh2t_asnh', ':version': 'rv-pgxt_p3tx~qyfa', ':created_at': '2025-07-31T19:57:55.651Z', ':updated_at': '2025-07-31T19:57:55.651Z', 'population_sample_size': '39568', 'percent_surveyed': '100', 'foot_notes': '*. ‡', 'survey_type': 'Census'}, {'vaccine': 'MMR', 'dose': '', 'geography_type': 'States', 'jurisdiction': 'Oregon', 'year_season': '2024-25', 'coverage_pct': '90.5', ':id': 'row-t2m4-8gxm~kj7k', ':version': 'rv-fsb8_cf87~4nmp', ':created_at': '2025-07-31T19:57:55.651Z', ':updated_at': '2025-07-31T19:57:55.651Z', 'population_sample_size': '38247', 'percent_surveyed': '100', 'foot_notes': '*. ‡', 'survey_type': 'Census'}]
2026-04-09 19:58:30 INFO [dashboard.loaders] kindergarten year column(s) present: none (use for by-year filter)
2026-04-09 19:58:30 INFO [dashboard.loaders] kindergarten: year derived from regex 20xx; unique years: [2009, 2010, 2011, 2012, 2013, 2014, 2015, 2016, 2017, 2018, 2019, 2020, 2021, 2022, 2023, 2024]
2026-04-09 19:58:30 INFO [dashboard.loaders] Loaded kindergarten rows=1276
2026-04-09 19:58:30 INFO [dashboard.loaders] wastewater audit columns: ['record_id', 'site', 'state_territory', 'source', 'county_fips', 'counties_served', 'population_served', 'sample_id', 'sample_collect_date', 'sample_type', 'sample_matrix', 'sample_location', 'flow_rate', 'concentration_method', 'pasteurized', 'pcr_type', 'extraction_method', 'major_lab_method', 'inhibition_detect', 'inhibition_adjust', 'ntc_amplify', 'pcr_target', 'pcr_gene_target_agg', 'pcr_target_avg_conc', 'pcr_target_units', 'lod_sewage', 'pcr_target_detect', 'pcr_target_avg_conc_lin', 'pcr_target_flowpop_lin', 'pcr_target_mic_lin', 'hum_frac_target_mic', 'hum_frac_mic_conc', 'hum_frac_mic_unit', 'rec_eff_percent', 'rec_eff_target_name', 'rec_eff_spike_matrix', 'rec_eff_spike_conc', 'date_updated', ':id', ':version', ':created_at', ':updated_at']
2026-04-09 19:58:30 INFO [dashboard.loaders] wastewater audit unique pcr_target values: ['mev_wt']
2026-04-09 19:58:30 INFO [dashboard.loaders] wastewater audit: using pcr_target filter value 'mev_wt'
2026-04-09 19:58:33 INFO [dashboard.loaders] _soda3_post_all view=akvg-8vrb pages=1 total_rows=39472
2026-04-09 19:58:33 INFO [dashboard.loaders] wastewater raw columns: ['record_id', 'site', 'state_territory', 'source', 'county_fips', 'counties_served', 'population_served', 'sample_id', 'sample_collect_date', 'sample_type', 'sample_matrix', 'sample_location', 'flow_rate', 'concentration_method', 'pasteurized', 'pcr_type', 'extraction_method', 'major_lab_method', 'inhibition_detect', 'inhibition_adjust', 'ntc_amplify', 'pcr_target', 'pcr_gene_target_agg', 'pcr_target_avg_conc', 'pcr_target_units', 'lod_sewage', 'pcr_target_detect', 'pcr_target_avg_conc_lin', 'pcr_target_flowpop_lin', 'pcr_target_mic_lin', 'hum_frac_target_mic', 'hum_frac_mic_conc', 'hum_frac_mic_unit', 'rec_eff_percent', 'rec_eff_target_name', 'rec_eff_spike_matrix', 'rec_eff_spike_conc', 'date_updated', ':id', ':version', ':created_at', ':updated_at']
2026-04-09 19:58:33 INFO [dashboard.loaders] wastewater required-for-detection: site_id/sewershed_id/sample_id=True, pcr_target_avg_conc=True, ntc_amplify=True, inhibition_detect=True, inhibition_adjust=True, date_field=True
2026-04-09 19:58:33 INFO [dashboard.loaders] wastewater signal col=pcr_target_flowpop_lin non_null=20610 min=32.92453 median=291972.19166 max=361164702.31468
2026-04-09 19:58:33 INFO [dashboard.loaders] Loaded wastewater rows=39472
2026-04-09 19:58:36 INFO [dashboard.loaders] NNDSS page 1 year range: first= 2026 last= 2022 (expect newest first if ORDER BY applied)
2026-04-09 19:58:36 INFO [dashboard.loaders] _soda3_post_all view=x9gk-5huc pages=1 total_rows=30940
2026-04-09 19:58:36 INFO [dashboard.loaders] nndss after filter: national rows=310 state rows=30630
2026-04-09 19:58:36 INFO [dashboard.loaders] NNDSS loaded: rows=30940 year range min=2022 max=2026
2026-04-09 19:58:36 INFO [dashboard.loaders] Loaded nndss rows=30940
2026-04-09 19:58:36 INFO [dashboard.loaders] load_all completed in 7.0s status={'historical': 'ok', 'kindergarten': 'ok', 'wastewater': 'ok', 'nndss': 'ok'}
2026-04-09 19:58:36 INFO [dashboard.risk] NNDSS national weekly: case_column=m2 year_min=2022 year_max=2026 year_week_max=(2026, 13) total_cases_latest_year=7571 source=jurisdictions (summed)
2026-04-09 19:58:36 INFO [dashboard.model_runner] Five most recent NNDSS (national weekly cases) available to app: [{'year': 2026, 'week': 9, 'cases': 645.0}, {'year': 2026, 'week': 10, 'cases': 649.0}, {'year': 2026, 'week': 11, 'cases': 652.0}, {'year': 2026, 'week': 12, 'cases': 645.0}, {'year': 2026, 'week': 13, 'cases': 646.0}]
2026-04-09 19:58:37 INFO [dashboard.risk] NNDSS national weekly: case_column=m2 year_min=2022 year_max=2026 year_week_max=(2026, 13) total_cases_latest_year=7571 source=jurisdictions (summed)
2026-04-09 19:58:37 INFO [dashboard.risk] Outbreak threshold from data: 1580.2 (95th percentile of next-4-weeks cases, n=217)
2026-04-09 19:58:38 INFO [dashboard.risk] NNDSS national weekly: case_column=m2 year_min=2022 year_max=2026 year_week_max=(2026, 13) total_cases_latest_year=7571 source=jurisdictions (summed)
2026-04-09 19:58:38 INFO [dashboard.risk] wastewater dataframe columns: ['record_id', 'site', 'state_territory', 'source', 'county_fips', 'counties_served', 'population_served', 'sample_id', 'sample_collect_date', 'sample_type', 'sample_matrix', 'sample_location', 'flow_rate', 'concentration_method', 'pasteurized', 'pcr_type', 'extraction_method', 'major_lab_method', 'inhibition_detect', 'inhibition_adjust', 'ntc_amplify', 'pcr_target', 'pcr_gene_target_agg', 'pcr_target_avg_conc', 'pcr_target_units', 'lod_sewage', 'pcr_target_detect', 'pcr_target_avg_conc_lin', 'pcr_target_flowpop_lin', 'pcr_target_mic_lin', 'hum_frac_target_mic', 'hum_frac_mic_conc', 'hum_frac_mic_unit', 'rec_eff_percent', 'rec_eff_target_name', 'rec_eff_spike_matrix', 'rec_eff_spike_conc', 'date_updated', ':id', ':version', ':created_at', ':updated_at', 'year', 'week']
2026-04-09 19:58:38 INFO [dashboard.risk] wastewater aggregate: signal_col=pcr_target_flowpop_lin
2026-04-09 19:58:38 INFO [dashboard.risk] wastewater weekly aggregate: rows=63 pct_non_null=100.0 min=47021.9259846875 median=1716508.433903903 max=7090884.096111285
2026-04-09 19:58:38 INFO [dashboard.risk] Stage 1 fit n_train=209 n_test=12 auc=0.906
2026-04-09 19:58:38 INFO [dashboard.risk] NNDSS national weekly: case_column=m2 year_min=2022 year_max=2026 year_week_max=(2026, 13) total_cases_latest_year=7571 source=jurisdictions (summed)
2026-04-09 19:58:38 INFO [dashboard.risk] Outbreak threshold from data: 1580.2 (95th percentile of next-4-weeks cases, n=217)
2026-04-09 19:58:38 INFO [dashboard.risk] NNDSS national weekly: case_column=m2 year_min=2022 year_max=2026 year_week_max=(2026, 13) total_cases_latest_year=7571 source=jurisdictions (summed)
2026-04-09 19:58:38 INFO [dashboard.risk] wastewater dataframe columns: ['record_id', 'site', 'state_territory', 'source', 'county_fips', 'counties_served', 'population_served', 'sample_id', 'sample_collect_date', 'sample_type', 'sample_matrix', 'sample_location', 'flow_rate', 'concentration_method', 'pasteurized', 'pcr_type', 'extraction_method', 'major_lab_method', 'inhibition_detect', 'inhibition_adjust', 'ntc_amplify', 'pcr_target', 'pcr_gene_target_agg', 'pcr_target_avg_conc', 'pcr_target_units', 'lod_sewage', 'pcr_target_detect', 'pcr_target_avg_conc_lin', 'pcr_target_flowpop_lin', 'pcr_target_mic_lin', 'hum_frac_target_mic', 'hum_frac_mic_conc', 'hum_frac_mic_unit', 'rec_eff_percent', 'rec_eff_target_name', 'rec_eff_spike_matrix', 'rec_eff_spike_conc', 'date_updated', ':id', ':version', ':created_at', ':updated_at', 'year', 'week']
2026-04-09 19:58:38 INFO [dashboard.risk] wastewater aggregate: signal_col=pcr_target_flowpop_lin
2026-04-09 19:58:39 INFO [dashboard.risk] wastewater weekly aggregate: rows=63 pct_non_null=100.0 min=47021.9259846875 median=1716508.433903903 max=7090884.096111285
2026-04-09 19:58:39 INFO [dashboard.risk] NNDSS national weekly: case_column=m2 year_min=2022 year_max=2026 year_week_max=(2026, 13) total_cases_latest_year=7571 source=jurisdictions (summed)
2026-04-09 19:58:39 INFO [dashboard.risk] Stage 2 forecast: 8 weeks, mean=600.3
2026-04-09 19:58:40 INFO [dashboard.risk] ww detection_frequency: rows_after_qc=15756 unique_sites=15656 weekly_rows=56 all_zero_freq=False pcr_target_used=mev_wt
2026-04-09 19:58:40 INFO [dashboard.risk] ww detection_frequency: rows_after_qc=15756 unique_sites=15656 weekly_rows=56 all_zero_freq=False pcr_target_used=mev_wt
2026-04-09 19:58:40 INFO [dashboard.risk] audit: ww pct_passing_qc=39.9 unique_sites=15656 all_zero_freq=False nndss_cases_sum=27214
2026-04-09 19:58:41 INFO [dashboard.risk] ww detection_frequency: rows_after_qc=15756 unique_sites=15656 weekly_rows=56 all_zero_freq=False pcr_target_used=mev_wt
2026-04-09 20:01:32 INFO [dashboard.loaders] Loaded historical CSV rows=42 path=/Users/User/ToolV2/dashboard_v3/measles_annual_1985.csv
2026-04-09 20:01:33 INFO [dashboard.loaders] kindergarten full column list: ['vaccine', 'dose', 'geography_type', 'jurisdiction', 'year_season', 'coverage_pct', ':id', ':version', ':created_at', ':updated_at', 'population_sample_size', 'percent_surveyed', 'foot_notes', 'survey_type']
2026-04-09 20:01:33 INFO [dashboard.loaders] kindergarten sample rows (head 3): [{'vaccine': 'MMR (PAC)', 'dose': 'MMR (PAC)', 'geography_type': 'States', 'jurisdiction': 'Oregon', 'year_season': '2023-24', 'coverage_pct': '92.4', ':id': 'row-r452.f3dr_3k53', ':version': 'rv-9ene_ymvt~axa8', ':created_at': '2025-07-31T19:57:55.651Z', ':updated_at': '2025-07-31T19:57:55.651Z', 'population_sample_size': nan, 'percent_surveyed': nan, 'foot_notes': nan, 'survey_type': nan}, {'vaccine': 'MMR', 'dose': '', 'geography_type': 'States', 'jurisdiction': 'Oregon', 'year_season': '2023-24', 'coverage_pct': '91.2', ':id': 'row-6a78-hh2t_asnh', ':version': 'rv-pgxt_p3tx~qyfa', ':created_at': '2025-07-31T19:57:55.651Z', ':updated_at': '2025-07-31T19:57:55.651Z', 'population_sample_size': '39568', 'percent_surveyed': '100', 'foot_notes': '*. ‡', 'survey_type': 'Census'}, {'vaccine': 'MMR', 'dose': '', 'geography_type': 'States', 'jurisdiction': 'Oregon', 'year_season': '2024-25', 'coverage_pct': '90.5', ':id': 'row-t2m4-8gxm~kj7k', ':version': 'rv-fsb8_cf87~4nmp', ':created_at': '2025-07-31T19:57:55.651Z', ':updated_at': '2025-07-31T19:57:55.651Z', 'population_sample_size': '38247', 'percent_surveyed': '100', 'foot_notes': '*. ‡', 'survey_type': 'Census'}]
2026-04-09 20:01:33 INFO [dashboard.loaders] kindergarten year column(s) present: none (use for by-year filter)
2026-04-09 20:01:33 INFO [dashboard.loaders] kindergarten: year derived from regex 20xx; unique years: [2009, 2010, 2011, 2012, 2013, 2014, 2015, 2016, 2017, 2018, 2019, 2020, 2021, 2022, 2023, 2024]
2026-04-09 20:01:33 INFO [dashboard.loaders] Loaded kindergarten rows=1276
2026-04-09 20:01:34 INFO [dashboard.loaders] wastewater audit columns: ['record_id', 'site', 'state_territory', 'source', 'county_fips', 'counties_served', 'population_served', 'sample_id', 'sample_collect_date', 'sample_type', 'sample_matrix', 'sample_location', 'flow_rate', 'concentration_method', 'pasteurized', 'pcr_type', 'extraction_method', 'major_lab_method', 'inhibition_detect', 'inhibition_adjust', 'ntc_amplify', 'pcr_target', 'pcr_gene_target_agg', 'pcr_target_avg_conc', 'pcr_target_units', 'lod_sewage', 'pcr_target_detect', 'pcr_target_avg_conc_lin', 'pcr_target_flowpop_lin', 'pcr_target_mic_lin', 'hum_frac_target_mic', 'hum_frac_mic_conc', 'hum_frac_mic_unit', 'rec_eff_percent', 'rec_eff_target_name', 'rec_eff_spike_matrix', 'rec_eff_spike_conc', 'date_updated', ':id', ':version', ':created_at', ':updated_at']
2026-04-09 20:01:34 INFO [dashboard.loaders] wastewater audit unique pcr_target values: ['mev_wt']
2026-04-09 20:01:34 INFO [dashboard.loaders] wastewater audit: using pcr_target filter value 'mev_wt'
2026-04-09 20:01:41 INFO [dashboard.loaders] _soda3_post_all view=akvg-8vrb pages=1 total_rows=39472
2026-04-09 20:01:41 INFO [dashboard.loaders] wastewater raw columns: ['record_id', 'site', 'state_territory', 'source', 'county_fips', 'counties_served', 'population_served', 'sample_id', 'sample_collect_date', 'sample_type', 'sample_matrix', 'sample_location', 'flow_rate', 'concentration_method', 'pasteurized', 'pcr_type', 'extraction_method', 'major_lab_method', 'inhibition_detect', 'inhibition_adjust', 'ntc_amplify', 'pcr_target', 'pcr_gene_target_agg', 'pcr_target_avg_conc', 'pcr_target_units', 'lod_sewage', 'pcr_target_detect', 'pcr_target_avg_conc_lin', 'pcr_target_flowpop_lin', 'pcr_target_mic_lin', 'hum_frac_target_mic', 'hum_frac_mic_conc', 'hum_frac_mic_unit', 'rec_eff_percent', 'rec_eff_target_name', 'rec_eff_spike_matrix', 'rec_eff_spike_conc', 'date_updated', ':id', ':version', ':created_at', ':updated_at']
2026-04-09 20:01:41 INFO [dashboard.loaders] wastewater required-for-detection: site_id/sewershed_id/sample_id=True, pcr_target_avg_conc=True, ntc_amplify=True, inhibition_detect=True, inhibition_adjust=True, date_field=True
2026-04-09 20:01:41 INFO [dashboard.loaders] wastewater signal col=pcr_target_flowpop_lin non_null=20610 min=32.92453 median=291972.19166 max=361164702.31468
2026-04-09 20:01:41 INFO [dashboard.loaders] Loaded wastewater rows=39472
2026-04-09 20:01:45 INFO [dashboard.loaders] NNDSS page 1 year range: first= 2026 last= 2022 (expect newest first if ORDER BY applied)
2026-04-09 20:01:45 INFO [dashboard.loaders] _soda3_post_all view=x9gk-5huc pages=1 total_rows=30940
2026-04-09 20:01:45 INFO [dashboard.loaders] nndss after filter: national rows=310 state rows=30630
2026-04-09 20:01:45 INFO [dashboard.loaders] NNDSS loaded: rows=30940 year range min=2022 max=2026
2026-04-09 20:01:45 INFO [dashboard.loaders] Loaded nndss rows=30940
2026-04-09 20:01:45 INFO [dashboard.loaders] load_all completed in 12.6s status={'historical': 'ok', 'kindergarten': 'ok', 'wastewater': 'ok', 'nndss': 'ok'}
2026-04-09 20:01:45 INFO [dashboard.risk] NNDSS national weekly: case_column=m2 year_min=2022 year_max=2026 year_week_max=(2026, 13) total_cases_latest_year=7571 source=jurisdictions (summed)
2026-04-09 20:01:45 INFO [dashboard.model_runner] Five most recent NNDSS (national weekly cases) available to app: [{'year': 2026, 'week': 9, 'cases': 645.0}, {'year': 2026, 'week': 10, 'cases': 649.0}, {'year': 2026, 'week': 11, 'cases': 652.0}, {'year': 2026, 'week': 12, 'cases': 645.0}, {'year': 2026, 'week': 13, 'cases': 646.0}]
2026-04-09 20:01:47 INFO [dashboard.risk] NNDSS national weekly: case_column=m2 year_min=2022 year_max=2026 year_week_max=(2026, 13) total_cases_latest_year=7571 source=jurisdictions (summed)
2026-04-09 20:01:47 INFO [dashboard.risk] Outbreak threshold from data: 1580.2 (95th percentile of next-4-weeks cases, n=217)
2026-04-09 20:01:47 INFO [dashboard.risk] NNDSS national weekly: case_column=m2 year_min=2022 year_max=2026 year_week_max=(2026, 13) total_cases_latest_year=7571 source=jurisdictions (summed)
2026-04-09 20:01:47 INFO [dashboard.risk] wastewater dataframe columns: ['record_id', 'site', 'state_territory', 'source', 'county_fips', 'counties_served', 'population_served', 'sample_id', 'sample_collect_date', 'sample_type', 'sample_matrix', 'sample_location', 'flow_rate', 'concentration_method', 'pasteurized', 'pcr_type', 'extraction_method', 'major_lab_method', 'inhibition_detect', 'inhibition_adjust', 'ntc_amplify', 'pcr_target', 'pcr_gene_target_agg', 'pcr_target_avg_conc', 'pcr_target_units', 'lod_sewage', 'pcr_target_detect', 'pcr_target_avg_conc_lin', 'pcr_target_flowpop_lin', 'pcr_target_mic_lin', 'hum_frac_target_mic', 'hum_frac_mic_conc', 'hum_frac_mic_unit', 'rec_eff_percent', 'rec_eff_target_name', 'rec_eff_spike_matrix', 'rec_eff_spike_conc', 'date_updated', ':id', ':version', ':created_at', ':updated_at', 'year', 'week']
2026-04-09 20:01:47 INFO [dashboard.risk] wastewater aggregate: signal_col=pcr_target_flowpop_lin
2026-04-09 20:01:48 INFO [dashboard.risk] wastewater weekly aggregate: rows=63 pct_non_null=100.0 min=47021.9259846875 median=1716508.433903903 max=7090884.096111285
2026-04-09 20:01:48 INFO [dashboard.risk] Stage 1 fit n_train=209 n_test=12 auc=0.906
2026-04-09 20:01:48 INFO [dashboard.risk] NNDSS national weekly: case_column=m2 year_min=2022 year_max=2026 year_week_max=(2026, 13) total_cases_latest_year=7571 source=jurisdictions (summed)
2026-04-09 20:01:48 INFO [dashboard.risk] Outbreak threshold from data: 1580.2 (95th percentile of next-4-weeks cases, n=217)
2026-04-09 20:01:48 INFO [dashboard.risk] NNDSS national weekly: case_column=m2 year_min=2022 year_max=2026 year_week_max=(2026, 13) total_cases_latest_year=7571 source=jurisdictions (summed)
2026-04-09 20:01:48 INFO [dashboard.risk] wastewater dataframe columns: ['record_id', 'site', 'state_territory', 'source', 'county_fips', 'counties_served', 'population_served', 'sample_id', 'sample_collect_date', 'sample_type', 'sample_matrix', 'sample_location', 'flow_rate', 'concentration_method', 'pasteurized', 'pcr_type', 'extraction_method', 'major_lab_method', 'inhibition_detect', 'inhibition_adjust', 'ntc_amplify', 'pcr_target', 'pcr_gene_target_agg', 'pcr_target_avg_conc', 'pcr_target_units', 'lod_sewage', 'pcr_target_detect', 'pcr_target_avg_conc_lin', 'pcr_target_flowpop_lin', 'pcr_target_mic_lin', 'hum_frac_target_mic', 'hum_frac_mic_conc', 'hum_frac_mic_unit', 'rec_eff_percent', 'rec_eff_target_name', 'rec_eff_spike_matrix', 'rec_eff_spike_conc', 'date_updated', ':id', ':version', ':created_at', ':updated_at', 'year', 'week']
2026-04-09 20:01:48 INFO [dashboard.risk] wastewater aggregate: signal_col=pcr_target_flowpop_lin
2026-04-09 20:01:48 INFO [dashboard.risk] wastewater weekly aggregate: rows=63 pct_non_null=100.0 min=47021.9259846875 median=1716508.433903903 max=7090884.096111285
2026-04-09 20:01:49 INFO [dashboard.risk] NNDSS national weekly: case_column=m2 year_min=2022 year_max=2026 year_week_max=(2026, 13) total_cases_latest_year=7571 source=jurisdictions (summed)
2026-04-09 20:01:49 INFO [dashboard.risk] Stage 2 forecast: 8 weeks, mean=600.3
2026-04-09 20:01:52 INFO [dashboard.risk] ww detection_frequency: rows_after_qc=15756 unique_sites=15656 weekly_rows=56 all_zero_freq=False pcr_target_used=mev_wt
2026-04-09 20:01:53 INFO [dashboard.risk] ww detection_frequency: rows_after_qc=15756 unique_sites=15656 weekly_rows=56 all_zero_freq=False pcr_target_used=mev_wt
2026-04-09 20:01:53 INFO [dashboard.risk] audit: ww pct_passing_qc=39.9 unique_sites=15656 all_zero_freq=False nndss_cases_sum=27214
2026-04-09 20:01:53 INFO [dashboard.risk] ww detection_frequency: rows_after_qc=15756 unique_sites=15656 weekly_rows=56 all_zero_freq=False pcr_target_used=mev_wt
